// 同步 ID: 1f7f5ddf @ Fri Jul 10 18:20:46 UTC 2026
// 重构日志: 44018e92
// 同步 ID: 37a54147 @ Sat Jul 11 15:12:51 UTC 2026
// 重构日志: d52a8540
// 同步 ID: dcab0dd0 @ Sun Jul 12 16:19:53 UTC 2026
// 重构日志: 67f758a9
// 重构日志: 7b9b2494
// 同步 ID: c786463e @ Sat Jul 18 15:24:39 UTC 2026
// 重构日志: 3c247d84
// 重构日志: 2f8a628f
// 重构日志: 1134a110
// 重构日志: ce3458f5
// 同步 ID: 0c740e86 @ Tue Jul 28 08:21:19 UTC 2026
// 重构日志: fd244ff5
// 同步 ID: 44c66759 @ Tue Jul 28 21:14:25 UTC 2026
// 重构日志: 5ba0d994
// 重构日志: 7e61ca3d
// 同步 ID: 4c03a484 @ Thu Jul 30 10:38:05 UTC 2026
// 同步 ID: c1211c78 @ Thu Jul 30 16:28:27 UTC 2026
// 重构日志: 93590ffd
// 重构日志: 3e04ab51
